{"title":"Example RAML API","version":"1.2","baseUri":"https://{server.com}/api","baseUriParameters":{"server.com":{"name":"server.com","displayName":"server.com","type":"string","required":true,"repeat":false,"uri":true}},"protocols":["HTTPS"],"traits":[{"paged":{"queryParameters":{"page":{"name":"page","displayName":"Starting index of results to fetch","type":"integer","required":false,"default":0,"repeat":false,"minimum":0},"size":{"name":"size","displayName":"Size of the block to fetch","type":"integer","required":false,"default":10,"repeat":false},"includeCount":{"name":"includeCount","displayName":"Return total result set count","type":"boolean","required":false,"default":false,"repeat":false,"description":"<p>boolean which is set to true if total result set count is needed for pagination. Counting the total may\ncause a slower response, so set this to true if you do not need to know what the total count is.</p>"}},"description":"Here is the description","name":"paged","usage":"Apply this to any method that returns a variable length array"}}],"resources":[{"relativeUri":"/another","methods":[{"responses":{"200":{"code":"200","body":{"application/json":{"name":"application/json","schema":"{\n  \"$schema\": \"http://json-schema.org/draft-03/schema\",\n  \"id\": \"simple\",\n  \"properties\": {\n    \"input\": {\n      \"required\": false,\n      \"type\": \"string\"\n    }\n  },\n  \"required\": false,\n  \"type\": \"object\"\n}","example":"{\n  \"input\": \"stuff\"\n}","schemaContent":"{\n  \"$schema\": \"http://json-schema.org/draft-03/schema\",\n  \"id\": \"simple\",\n  \"properties\": {\n      \"input\": {\n          \"required\": false,\n          \"type\": \"string\"\n      }\n  },\n  \"required\": false,\n  \"type\": \"object\"\n}\n"}},"description":"<p>A long description goes here.</p>"}},"protocols":["HTTPS"],"description":"<p>this is a different resource</p>","method":"get","is":["paged"],"queryParameters":{"page":{"name":"page","displayName":"Starting index of results to fetch","type":"integer","required":false,"default":0,"repeat":false,"minimum":0},"size":{"name":"size","displayName":"Size of the block to fetch","type":"integer","required":false,"default":10,"repeat":false},"includeCount":{"name":"includeCount","displayName":"Return total result set count","type":"boolean","required":false,"default":false,"repeat":false,"description":"<p>boolean which is set to true if total result set count is needed for pagination. Counting the total may\ncause a slower response, so set this to true if you do not need to know what the total count is.</p>"}}}],"displayName":"get another resource","description":"<p>a different resource can have a <strong>description</strong> too?</p>","absoluteUri":"https://{server.com}/api/another"},{"relativeUri":"/exResourceful","methods":[{"responses":{"200":{"code":"200","body":{"application/json":{"name":"application/json","schema":"{\n  \"$schema\": \"http://json-schema.org/draft-03/schema\",\n  \"id\": \"simple\",\n  \"properties\": {\n    \"input\": {\n      \"required\": false,\n      \"type\": \"string\"\n    }\n  },\n  \"required\": false,\n  \"type\": \"object\"\n}","example":"{\n  \"input\": \"stuff\"\n}","schemaContent":"{\n  \"$schema\": \"http://json-schema.org/draft-03/schema\",\n  \"id\": \"simple\",\n  \"properties\": {\n      \"input\": {\n          \"required\": false,\n          \"type\": \"string\"\n      }\n  },\n  \"required\": false,\n  \"type\": \"object\"\n}\n"}},"description":"<h1 id=\"hereisheader\">here is header</h1>\n<p>here are some details about the response</p>\n<ul>\n<li>including <strong>markdown</strong> for</li>\n<li>extra stuff</li>\n</ul>\n<p>and isn't that great</p>"},"400":{"code":"400","body":{"application/json":{"name":"application/json","schema":"{\n  \"$schema\": \"http://json-schema.org/draft-03/schema\",\n  \"id\": \"simple\",\n  \"properties\": {\n    \"input\": {\n      \"required\": false,\n      \"type\": \"string\"\n    }\n  },\n  \"required\": false,\n  \"type\": \"object\"\n}","example":"{\n  \"input\": \"stuff\"\n}","schemaContent":"{\n      \"$schema\": \"http://json-schema.org/draft-03/schema\",\n      \"id\": \"simple\",\n      \"properties\": {\n          \"input\": {\n              \"required\": false,\n              \"type\": \"string\"\n          }\n      },\n      \"required\": false,\n      \"type\": \"object\"\n}\n"}},"description":"<p>operation <strong>not</strong> allowed</p>"}},"protocols":["HTTPS"],"queryParameters":{"Useful param":{"name":"Useful param","displayName":"long name of param","type":"string","required":false,"example":"$useful","repeat":false,"description":"<h1 id=\"lengthydescriptionofparam\">Lengthy description of param</h1>\n<p>Shows <strong>something</strong> useful, but what</p>","enum":["cats","dogs"]},"paramSelect":{"name":"paramSelect","displayName":"param2 has a long name too","type":"integer","required":true,"example":1234,"repeat":false},"scaleResult":{"name":"scaleResult","displayName":"should results be scaled","type":"boolean","required":false,"default":false,"repeat":false,"description":"<p>a useful param that does the following</p>\n<ul>\n<li>creates animals</li>\n<li>creates plants</li>\n</ul>"}},"description":"<p>get server config data <em>and</em> important stuff</p>","method":"get"}],"displayName":"a resource can have a display name","description":"<h2 id=\"welikebolddescriptions\">we like bold descriptions</h2>\n<p>a resource can have a <strong>description</strong> too?</p>","absoluteUri":"https://{server.com}/api/exResourceful"},{"relativeUri":"/exResourceful/{resourceId}","uriParameters":{"resourceId":{"name":"resourceId","displayName":"The id of the resource to post","type":"string","required":true,"repeat":false,"description":"<p>here is some</p>\n<h1 id=\"html\">html</h1>\n<p>stuff</p>","uri":true}},"methods":[{"responses":{"200":{"code":"200","body":{"application/json":{"name":"application/json","schema":"{\n  \"$schema\": \"http://json-schema.org/draft-03/schema\",\n  \"id\": \"simple\",\n  \"properties\": {\n    \"input\": {\n      \"required\": false,\n      \"type\": \"string\"\n    }\n  },\n  \"required\": false,\n  \"type\": \"object\"\n}","example":"{\n  \"input\": \"stuff\"\n}","schemaContent":"{\n  \"$schema\": \"http://json-schema.org/draft-03/schema\",\n  \"id\": \"simple\",\n  \"properties\": {\n      \"input\": {\n          \"required\": false,\n          \"type\": \"string\"\n      }\n  },\n  \"required\": false,\n  \"type\": \"object\"\n}\n"}},"description":"<p>A long description goes here.</p>"}},"body":{"application/json":{"name":"application/json","schema":"{\n  \"$schema\": \"http://json-schema.org/draft-03/schema\",\n  \"properties\": {\n    \"input\": {\n      \"required\": false,\n      \"type\": \"string\"\n    }\n  },\n  \"required\": false,\n  \"type\": \"object\"\n}","example":"{\n  \"input\": \"stuff\"\n}","schemaContent":"{\n  \"$schema\": \"http://json-schema.org/draft-03/schema\",\n  \"description\": \"a long description <b>here we go bold</b> and there\",\n  \"properties\": {\n      \"input\": {\n          \"required\": false,\n          \"type\": \"string\"\n      }\n  },\n  \"required\": false,\n  \"type\": \"object\"\n}\n","description":"<p>a long description <b>here we go bold</b> and there</p>"}},"protocols":["HTTPS"],"queryParameters":{"Useful param":{"name":"Useful param","displayName":"long name of param","type":"string","required":false,"default":"cats","example":"$useful","repeat":false,"description":"<p>Shows <strong>something</strong> useful, but what</p>","enum":["cats","dogs","pigs","sheep","goats","orangatans","voles","fish","warthogs","snakes"]},"page":{"name":"page","displayName":"Starting index of results to fetch","type":"integer","required":false,"default":0,"repeat":false,"minimum":0},"size":{"name":"size","displayName":"Size of the block to fetch","type":"integer","required":false,"default":10,"repeat":false},"includeCount":{"name":"includeCount","displayName":"Return total result set count","type":"boolean","required":false,"default":false,"repeat":false,"description":"<p>boolean which is set to true if total result set count is needed for pagination. Counting the total may\ncause a slower response, so set this to true if you do not need to know what the total count is.</p>"}},"description":"<h1 id=\"attention\">attention</h1>\n<p>we can post to this API too</p>","method":"post","is":["paged"]}],"displayName":"A resource gets a display name","absoluteUri":"https://{server.com}/api/exResourceful/{resourceId}","description":"<h2 id=\"welikebolddescriptions\">we like bold descriptions</h2>\n<p>a resource can have a <strong>description</strong> too?</p>"}],"documentation":[{"title":"some extra documentation","content":"<h1 id=\"markdown\">markdown</h1>\n<p>with <strong>formatting</strong> and</p>\n<ul>\n<li>bullet</li>\n<li>list\nbay of pigs.</li>\n</ul>"},{"title":"more documentation","content":"<p>markdown with <em>formatting</em> and\nbay of pigs.</p>"}]}